../Drivers/CMSIS/Include/core_cm4.h:1814:22:__NVIC_SetPriority	16	static
../Drivers/CMSIS/Include/core_cm4.h:2022:26:SysTick_Config	16	static
../Core/Src/main.c:95:1:__io_putchar	16	static
../Core/Src/main.c:228:7:radiansToDegrees	16	static
../Core/Src/main.c:232:10:angleToPulse	16	static
../Core/Src/main.c:236:9:limitAngle	16	static
../Core/Src/main.c:242:6:setMotorAngle	32	static
../Core/Src/main.c:253:5:main	200	static
../Core/Src/main.c:402:6:SystemClock_Config	88	static
../Core/Src/main.c:450:13:MX_TIM2_Init	64	static
../Core/Src/main.c:509:13:MX_TIM3_Init	64	static
../Core/Src/main.c:572:13:MX_TIM4_Init	64	static
../Core/Src/main.c:631:13:MX_TIM5_Init	48	static
../Core/Src/main.c:684:13:MX_TIM14_Init	40	static
../Core/Src/main.c:730:13:MX_USART2_UART_Init	8	static
../Core/Src/main.c:763:13:MX_GPIO_Init	48	static
../Core/Src/main.c:832:6:Pwm_Left	16	static
../Core/Src/main.c:836:6:Pwm_Right	16	static
../Core/Src/main.c:840:6:HAL_GPIO_EXTI_Callback	152	static
../Core/Src/main.c:887:6:motorControl	24	static
../Core/Src/main.c:905:6:motorControl_r	24	static
../Core/Src/main.c:923:6:check_pwm	4	static
../Core/Src/main.c:931:6:check_pwm_r	4	static
../Core/Src/main.c:939:6:check_move_state	4	static
../Core/Src/main.c:949:6:check_move_state_r	4	static
../Core/Src/main.c:959:6:cmd_vel_calculate	4	static
../Core/Src/main.c:969:10:millis	4	static
../Core/Src/main.c:973:6:HAL_TIM_PeriodElapsedCallback	16	static
../Core/Src/main.c:981:6:HAL_UART_RxCpltCallback	72	static
../Core/Src/main.c:1056:6:Error_Handler	4	static,ignoring_inline_asm
