../Drivers/CMSIS/Include/core_cm4.h:1814:22:__NVIC_SetPriority	16	static
../Drivers/CMSIS/Include/core_cm4.h:2022:26:SysTick_Config	16	static
../Core/Src/main.c:98:1:__io_putchar	16	static
../Core/Src/main.c:244:7:radiansToDegrees	16	static
../Core/Src/main.c:248:10:angleToPulse	16	static
../Core/Src/main.c:252:9:limitAngle	16	static
../Core/Src/main.c:258:6:setMotorAngle	32	static
../Core/Src/main.c:269:5:main	200	static
../Core/Src/main.c:418:6:SystemClock_Config	88	static
../Core/Src/main.c:466:13:MX_TIM2_Init	64	static
../Core/Src/main.c:529:13:MX_TIM3_Init	64	static
../Core/Src/main.c:592:13:MX_TIM4_Init	64	static
../Core/Src/main.c:651:13:MX_TIM5_Init	48	static
../Core/Src/main.c:704:13:MX_TIM14_Init	40	static
../Core/Src/main.c:750:13:MX_USART2_UART_Init	8	static
../Core/Src/main.c:783:13:MX_GPIO_Init	48	static
../Core/Src/main.c:852:6:Pwm_Left	16	static
../Core/Src/main.c:856:6:Pwm_Right	16	static
../Core/Src/main.c:860:6:HAL_GPIO_EXTI_Callback	152	static
../Core/Src/main.c:907:6:motorControl	24	static
../Core/Src/main.c:925:6:motorControl_r	24	static
../Core/Src/main.c:943:6:check_pwm	4	static
../Core/Src/main.c:951:6:check_pwm_r	4	static
../Core/Src/main.c:959:6:check_move_state	4	static
../Core/Src/main.c:969:6:check_move_state_r	4	static
../Core/Src/main.c:979:6:cmd_vel_calculate	4	static
../Core/Src/main.c:989:10:millis	4	static
../Core/Src/main.c:993:6:HAL_TIM_PeriodElapsedCallback	16	static
../Core/Src/main.c:1001:6:HAL_UART_RxCpltCallback	72	static
../Core/Src/main.c:1076:6:Error_Handler	4	static,ignoring_inline_asm
