../Drivers/CMSIS/Include/core_cm4.h:1814:22:__NVIC_SetPriority	16	static
../Drivers/CMSIS/Include/core_cm4.h:2022:26:SysTick_Config	16	static
../Core/Src/main.c:95:1:__io_putchar	16	static
../Core/Src/main.c:228:7:radiansToDegrees	16	static
../Core/Src/main.c:232:10:angleToPulse	16	static
../Core/Src/main.c:236:9:limitAngle	16	static
../Core/Src/main.c:242:6:setMotorAngle	32	static
../Core/Src/main.c:253:5:main	104	static
../Core/Src/main.c:403:6:SystemClock_Config	88	static
../Core/Src/main.c:451:13:MX_TIM2_Init	64	static
../Core/Src/main.c:510:13:MX_TIM3_Init	64	static
../Core/Src/main.c:573:13:MX_TIM4_Init	64	static
../Core/Src/main.c:632:13:MX_TIM5_Init	48	static
../Core/Src/main.c:685:13:MX_TIM14_Init	40	static
../Core/Src/main.c:731:13:MX_USART2_UART_Init	8	static
../Core/Src/main.c:764:13:MX_GPIO_Init	48	static
../Core/Src/main.c:833:6:Pwm_Left	16	static
../Core/Src/main.c:837:6:Pwm_Right	16	static
../Core/Src/main.c:841:6:HAL_GPIO_EXTI_Callback	152	static
../Core/Src/main.c:888:6:motorControl	24	static
../Core/Src/main.c:906:6:motorControl_r	24	static
../Core/Src/main.c:924:6:check_pwm	4	static
../Core/Src/main.c:932:6:check_pwm_r	4	static
../Core/Src/main.c:940:6:check_move_state	4	static
../Core/Src/main.c:950:6:check_move_state_r	4	static
../Core/Src/main.c:960:6:cmd_vel_calculate	4	static
../Core/Src/main.c:970:10:millis	4	static
../Core/Src/main.c:974:6:HAL_TIM_PeriodElapsedCallback	16	static
../Core/Src/main.c:982:6:HAL_UART_RxCpltCallback	72	static
../Core/Src/main.c:1057:6:Error_Handler	4	static,ignoring_inline_asm
